[landed] python 3.14.2 (/Library/Frameworks/Python.framework/Versions/3.14/bin/python3), numpy 2.3.5, scipy 1.17.0
[landed] eos from /Users/mircoguerrini/Desktop/Research/Python_codes/eos/eos/__init__.py at 071d712; DEFAULT_PATTERNS ('unpaired', '2SC', 'CFL')
[base] python 3.14.2 (/Library/Frameworks/Python.framework/Versions/3.14/bin/python3), numpy 2.3.5, scipy 1.17.0
[base] eos from /Users/mircoguerrini/Desktop/Research/Python_codes/eos-t08-base/eos/__init__.py at d6d9e7c; DEFAULT_PATTERNS ('unpaired', '2SC', 'CFL', 'free')
base ready, warm-up 50 s
landed ready, warm-up 11 s
rep 0 1 beta-eq T=0               base   cpu   104.7 s wall   104.7 s  rows 20  load 3.5->4.0
rep 0 1 beta-eq T=0               landed cpu     4.0 s wall     4.0 s  rows 20  load 4.0->4.0
rep 0 2 beta-eq T=30              base   cpu    40.1 s wall    40.1 s  rows 20  load 4.0->4.1
rep 0 2 beta-eq T=30              landed cpu     6.7 s wall     6.7 s  rows 20  load 4.1->4.0
rep 0 3 fixed_YC 0.4 lep T=0      base   cpu    44.2 s wall    44.2 s  rows 20  load 4.0->4.0
rep 0 3 fixed_YC 0.4 lep T=0      landed cpu    14.1 s wall    14.1 s  rows 20  load 4.0->3.8
rep 0 4 fixed_YC 0.4 lep T=30     base   cpu   186.8 s wall   187.0 s  rows 20  load 3.8->3.4
rep 0 4 fixed_YC 0.4 lep T=30     landed cpu    26.3 s wall    26.3 s  rows 20  load 3.4->4.0
rep 0 5 fixed_YC 0.4 nolep T=0    base   cpu    45.1 s wall    45.9 s  rows 20  load 4.0->4.3
rep 0 5 fixed_YC 0.4 nolep T=0    landed cpu    13.6 s wall    13.6 s  rows 20  load 4.3->4.2
rep 0 6 fixed_YC 0.4 nolep T=30   base   cpu   199.3 s wall   201.0 s  rows 20  load 4.2->4.9
rep 0 6 fixed_YC 0.4 nolep T=30   landed cpu    32.8 s wall    33.6 s  rows 20  load 4.9->6.7
rep 0 7 trapped Y_Le=0.4 T=30     base   cpu    78.7 s wall    78.8 s  rows 20  load 6.7->4.5
rep 0 7 trapped Y_Le=0.4 T=30     landed cpu     9.7 s wall     9.7 s  rows 20  load 4.5->4.5
rep 1 1 beta-eq T=0               base   cpu    95.5 s wall    95.5 s  rows 20  load 4.5->4.4
rep 1 1 beta-eq T=0               landed cpu     3.7 s wall     3.7 s  rows 20  load 4.4->4.4
rep 1 2 beta-eq T=30              base   cpu    37.3 s wall    37.3 s  rows 20  load 4.4->3.8
rep 1 2 beta-eq T=30              landed cpu     8.5 s wall     9.3 s  rows 20  load 3.8->4.2
rep 1 3 fixed_YC 0.4 lep T=0      base   cpu    42.6 s wall    42.9 s  rows 20  load 4.2->6.5
rep 1 3 fixed_YC 0.4 lep T=0      landed cpu    12.6 s wall    12.6 s  rows 20  load 6.5->5.9
rep 1 4 fixed_YC 0.4 lep T=30     base   cpu   179.5 s wall   179.7 s  rows 20  load 5.9->3.4
rep 1 4 fixed_YC 0.4 lep T=30     landed cpu    27.5 s wall    27.6 s  rows 20  load 3.4->3.7
rep 1 5 fixed_YC 0.4 nolep T=0    base   cpu    41.4 s wall    41.4 s  rows 20  load 3.7->3.5
rep 1 5 fixed_YC 0.4 nolep T=0    landed cpu    13.0 s wall    13.0 s  rows 20  load 3.5->3.3
rep 1 6 fixed_YC 0.4 nolep T=30   base   cpu   187.0 s wall   187.3 s  rows 20  load 3.3->3.3
rep 1 6 fixed_YC 0.4 nolep T=30   landed cpu    26.7 s wall    26.7 s  rows 20  load 3.3->3.2
rep 1 7 trapped Y_Le=0.4 T=30     base   cpu    88.2 s wall    88.3 s  rows 20  load 3.2->3.1
rep 1 7 trapped Y_Le=0.4 T=30     landed cpu    11.5 s wall    11.5 s  rows 20  load 3.1->2.9
fingerprints UNCHANGED {'base': 'c3f0d3533eb88c54413c69f15db8d5952d3a0a32', 'landed': '3c3b4cc240a72462cf367c526216e53f5d16051a'}; elapsed 1588 s
