[landed] python 3.14.2 (/Library/Frameworks/Python.framework/Versions/3.14/bin/python3), numpy 2.3.5, scipy 1.17.0
[landed] eos from /Users/mircoguerrini/Desktop/Research/Python_codes/eos/eos/__init__.py at 071d712; DEFAULT_PATTERNS ('unpaired', '2SC', 'CFL')[base] python 3.14.2 (/Library/Frameworks/Python.framework/Versions/3.14/bin/python3), numpy 2.3.5, scipy 1.17.0
[base] eos from /Users/mircoguerrini/Desktop/Research/Python_codes/eos-t08-base/eos/__init__.py at d6d9e7c; DEFAULT_PATTERNS ('unpaired', '2SC', 'CFL', 'free')

base ready, warm-up 44 s
landed ready, warm-up 9 s
rep 0 1 beta-eq T=0               base   cpu    85.6 s wall    86.4 s  rows 20  load 15.8->6.3
rep 0 1 beta-eq T=0               landed cpu     3.1 s wall     3.1 s  rows 20  load 6.3->6.0
rep 0 2 beta-eq T=30              base   cpu    32.7 s wall    32.7 s  rows 20  load 6.0->4.7
rep 0 2 beta-eq T=30              landed cpu     5.4 s wall     5.4 s  rows 20  load 4.7->4.6
rep 0 3 fixed_YC 0.4 lep T=0      base   cpu    33.8 s wall    33.8 s  rows 20  load 4.6->4.0
rep 0 3 fixed_YC 0.4 lep T=0      landed cpu    11.2 s wall    11.2 s  rows 20  load 4.0->4.1
rep 0 4 fixed_YC 0.4 lep T=30     base   cpu   176.6 s wall   177.0 s  rows 20  load 4.1->3.2
rep 0 4 fixed_YC 0.4 lep T=30     landed cpu    25.7 s wall    25.7 s  rows 20  load 3.2->3.1
rep 0 5 fixed_YC 0.4 nolep T=0    base   cpu    40.0 s wall    40.0 s  rows 20  load 3.1->3.0
rep 0 5 fixed_YC 0.4 nolep T=0    landed cpu    12.7 s wall    12.7 s  rows 20  load 3.0->3.1
rep 0 6 fixed_YC 0.4 nolep T=30   base   cpu   188.1 s wall   188.8 s  rows 20  load 3.1->3.4
rep 0 6 fixed_YC 0.4 nolep T=30   landed cpu    26.3 s wall    26.4 s  rows 20  load 3.4->3.4
rep 0 7 trapped Y_Le=0.4 T=30     base   cpu    88.3 s wall    88.3 s  rows 20  load 3.4->3.4
rep 0 7 trapped Y_Le=0.4 T=30     landed cpu    12.2 s wall    12.5 s  rows 20  load 3.4->3.6
fingerprints UNCHANGED {'base': 'c3f0d3533eb88c54413c69f15db8d5952d3a0a32', 'landed': '3c3b4cc240a72462cf367c526216e53f5d16051a'}; elapsed 745 s
