T=20.0 n_B=1.4 2SC fast      hot 24 / vac 24: conv True realised 2SC dP/P 0.0e+00  ds/s 0.0e+00  dM/M 0.0e+00  dDelta 0.0e+00 MeV
T=20.0 n_B=1.4 2SC reference hot 24 / vac 24: conv True realised 2SC dP/P 0.0e+00  ds/s 0.0e+00  dM/M 0.0e+00  dDelta 0.0e+00 MeV
T=20.0 n_B=1.4 2SC fast      hot 24 / vac 12: conv True realised 2SC dP/P 1.1e-10  ds/s 2.5e-14  dM/M 2.0e-11  dDelta 1.1e-11 MeV
T=20.0 n_B=1.4 2SC reference hot 24 / vac 12: conv True realised 2SC dP/P 1.9e-13  ds/s 3.4e-15  dM/M 7.9e-12  dDelta 1.5e-11 MeV
T=20.0 n_B=1.4 2SC fast      hot 24 / vac 10: conv True realised 2SC dP/P 2.0e-10  ds/s 4.4e-14  dM/M 7.9e-10  dDelta 1.0e-11 MeV
T=20.0 n_B=1.4 2SC reference hot 24 / vac 10: conv True realised 2SC dP/P 2.6e-11  ds/s 5.1e-14  dM/M 8.0e-10  dDelta 4.9e-12 MeV
T=20.0 n_B=1.4 2SC fast      hot 24 / vac  8: conv True realised 2SC dP/P 1.8e-10  ds/s 3.5e-13  dM/M 2.0e-08  dDelta 3.9e-11 MeV
T=20.0 n_B=1.4 2SC reference hot 24 / vac  8: conv True realised 2SC dP/P 6.7e-12  ds/s 2.5e-13  dM/M 2.0e-08  dDelta 3.2e-11 MeV
T=30.0 n_B=1.2 CFL fast      hot 24 / vac 24: conv True realised CFL dP/P 0.0e+00  ds/s 0.0e+00  dM/M 0.0e+00  dDelta 0.0e+00 MeV
T=30.0 n_B=1.2 CFL reference hot 24 / vac 24: conv True realised CFL dP/P 0.0e+00  ds/s 0.0e+00  dM/M 0.0e+00  dDelta 0.0e+00 MeV
T=30.0 n_B=1.2 CFL fast      hot 24 / vac 12: conv True realised CFL dP/P 1.2e-09  ds/s 2.3e-13  dM/M 3.5e-12  dDelta 5.4e-11 MeV
T=30.0 n_B=1.2 CFL reference hot 24 / vac 12: conv True realised CFL dP/P 3.6e-11  ds/s 8.3e-14  dM/M 3.1e-12  dDelta 2.3e-11 MeV
T=30.0 n_B=1.2 CFL fast      hot 24 / vac 10: conv True realised CFL dP/P 8.8e-10  ds/s 4.5e-13  dM/M 3.8e-11  dDelta 7.8e-11 MeV
T=30.0 n_B=1.2 CFL reference hot 24 / vac 10: conv True realised CFL dP/P 3.9e-11  ds/s 1.5e-12  dM/M 4.2e-11  dDelta 1.8e-10 MeV
T=30.0 n_B=1.2 CFL fast      hot 24 / vac  8: conv True realised CFL dP/P 6.3e-10  ds/s 5.9e-11  dM/M 1.6e-09  dDelta 6.1e-09 MeV
T=30.0 n_B=1.2 CFL reference hot 24 / vac  8: conv True realised CFL dP/P 3.3e-11  ds/s 5.9e-11  dM/M 1.6e-09  dDelta 6.0e-09 MeV
T=20.0 n_B=1.2 CFL fast      hot 24 / vac 24: conv True realised CFL dP/P 0.0e+00  ds/s 0.0e+00  dM/M 0.0e+00  dDelta 0.0e+00 MeV
T=20.0 n_B=1.2 CFL reference hot 24 / vac 24: conv True realised CFL dP/P 0.0e+00  ds/s 0.0e+00  dM/M 0.0e+00  dDelta 0.0e+00 MeV
T=20.0 n_B=1.2 CFL fast      hot 24 / vac 12: conv True realised CFL dP/P 2.6e-10  ds/s 1.5e-12  dM/M 3.6e-12  dDelta 5.2e-11 MeV
T=20.0 n_B=1.2 CFL reference hot 24 / vac 12: conv True realised CFL dP/P 4.3e-11  ds/s 1.4e-13  dM/M 6.1e-12  dDelta 1.9e-11 MeV
T=20.0 n_B=1.2 CFL fast      hot 24 / vac 10: conv True realised CFL dP/P 6.6e-10  ds/s 4.3e-13  dM/M 7.2e-12  dDelta 2.3e-11 MeV
T=20.0 n_B=1.2 CFL reference hot 24 / vac 10: conv True realised CFL dP/P 4.3e-11  ds/s 7.0e-13  dM/M 2.9e-12  dDelta 3.5e-11 MeV
T=20.0 n_B=1.2 CFL fast      hot 24 / vac  8: conv True realised CFL dP/P 2.0e-10  ds/s 1.3e-11  dM/M 3.1e-10  dDelta 6.8e-10 MeV
T=20.0 n_B=1.2 CFL reference hot 24 / vac  8: conv True realised CFL dP/P 1.4e-11  ds/s 1.2e-11  dM/M 3.2e-10  dDelta 7.1e-10 MeV
