2SC n_B=1.3  M=[ 10.7   9.1 306.8]
  vac(Lambda_UV) shipped       N= 6 ( 48 nodes): rho_s 2.3e-07  gap 4.2e-13   rho_s vs shipped@64 2.3e-07
  vac(Lambda_UV) shipped       N= 8 ( 64 nodes): rho_s 1.6e-08  gap 4.4e-16   rho_s vs shipped@64 1.6e-08
  vac(Lambda_UV) shipped       N=10 ( 80 nodes): rho_s 5.3e-10  gap 1.7e-15   rho_s vs shipped@64 5.3e-10
  vac(Lambda_UV) shipped       N=12 ( 96 nodes): rho_s 2.4e-11  gap 1.7e-15   rho_s vs shipped@64 2.4e-11
  vac(Lambda_UV) shipped       N=24 (192 nodes): rho_s 2.7e-12  gap 6.5e-16   rho_s vs shipped@64 2.7e-12
  vac(Lambda_UV) + mass breaks N= 6 ( 66 nodes): rho_s 3.6e-10  gap 4.3e-13   rho_s vs shipped@64 3.6e-10
  vac(Lambda_UV) + mass breaks N= 8 ( 88 nodes): rho_s 2.8e-12  gap 4.4e-16   rho_s vs shipped@64 2.8e-12
  vac(Lambda_UV) + mass breaks N=10 (110 nodes): rho_s 4.2e-12  gap 1.7e-15   rho_s vs shipped@64 4.2e-12
  vac(Lambda_UV) + mass breaks N=12 (132 nodes): rho_s 3.8e-12  gap 1.7e-15   rho_s vs shipped@64 3.8e-12
  vac(Lambda_UV) + mass breaks N=24 (264 nodes): rho_s 2.7e-12  gap 6.5e-16   rho_s vs shipped@64 2.7e-12
  vac(Lambda)    shipped       N= 6 ( 48 nodes): rho_s 3.1e-11  gap 8.5e-12   rho_s vs shipped@64 3.1e-11
  vac(Lambda)    shipped       N= 8 ( 64 nodes): rho_s 1.2e-14  gap 2.0e-15   rho_s vs shipped@64 1.2e-14
  vac(Lambda)    shipped       N=10 ( 80 nodes): rho_s 6.4e-15  gap 8.9e-16   rho_s vs shipped@64 6.4e-15
  vac(Lambda)    shipped       N=12 ( 96 nodes): rho_s 1.2e-14  gap 8.9e-16   rho_s vs shipped@64 1.2e-14
  vac(Lambda)    shipped       N=24 (192 nodes): rho_s 7.4e-15  gap 2.2e-16   rho_s vs shipped@64 7.4e-15
  vac(Lambda)    + mass breaks N= 6 ( 66 nodes): rho_s 2.3e-11  gap 6.5e-12   rho_s vs shipped@64 2.3e-11
  vac(Lambda)    + mass breaks N= 8 ( 88 nodes): rho_s 3.1e-15  gap 4.3e-15   rho_s vs shipped@64 1.3e-14
  vac(Lambda)    + mass breaks N=10 (110 nodes): rho_s 1.3e-14  gap 2.3e-15   rho_s vs shipped@64 2.7e-15
  vac(Lambda)    + mass breaks N=12 (132 nodes): rho_s 8.4e-15  gap 2.8e-15   rho_s vs shipped@64 1.9e-15
  vac(Lambda)    + mass breaks N=24 (264 nodes): rho_s 1.1e-14  gap 1.0e-15   rho_s vs shipped@64 5.6e-15
2SC n_B=0.9  M=[ 15.8  12.9 403.7]
  vac(Lambda_UV) shipped       N= 6 ( 48 nodes): rho_s 4.0e-08  gap 5.0e-13   rho_s vs shipped@64 4.0e-08
  vac(Lambda_UV) shipped       N= 8 ( 64 nodes): rho_s 1.0e-09  gap 2.0e-15   rho_s vs shipped@64 1.0e-09
  vac(Lambda_UV) shipped       N=10 ( 80 nodes): rho_s 7.2e-11  gap 5.8e-16   rho_s vs shipped@64 7.2e-11
  vac(Lambda_UV) shipped       N=12 ( 96 nodes): rho_s 5.4e-12  gap 2.0e-15   rho_s vs shipped@64 5.4e-12
  vac(Lambda_UV) shipped       N=24 (192 nodes): rho_s 1.1e-12  gap 1.0e-15   rho_s vs shipped@64 1.1e-12
  vac(Lambda_UV) + mass breaks N= 6 ( 66 nodes): rho_s 5.1e-11  gap 4.0e-13   rho_s vs shipped@64 5.1e-11
  vac(Lambda_UV) + mass breaks N= 8 ( 88 nodes): rho_s 2.4e-12  gap 2.0e-15   rho_s vs shipped@64 2.4e-12
  vac(Lambda_UV) + mass breaks N=10 (110 nodes): rho_s 3.2e-12  gap 5.8e-16   rho_s vs shipped@64 3.2e-12
  vac(Lambda_UV) + mass breaks N=12 (132 nodes): rho_s 7.8e-13  gap 2.0e-15   rho_s vs shipped@64 7.8e-13
  vac(Lambda_UV) + mass breaks N=24 (264 nodes): rho_s 1.1e-12  gap 1.0e-15   rho_s vs shipped@64 1.1e-12
  vac(Lambda)    shipped       N= 6 ( 48 nodes): rho_s 3.8e-11  gap 1.1e-11   rho_s vs shipped@64 3.8e-11
  vac(Lambda)    shipped       N= 8 ( 64 nodes): rho_s 9.8e-15  gap 5.3e-15   rho_s vs shipped@64 9.8e-15
  vac(Lambda)    shipped       N=10 ( 80 nodes): rho_s 2.0e-15  gap 3.6e-15   rho_s vs shipped@64 2.0e-15
  vac(Lambda)    shipped       N=12 ( 96 nodes): rho_s 7.3e-15  gap 2.7e-15   rho_s vs shipped@64 7.3e-15
  vac(Lambda)    shipped       N=24 (192 nodes): rho_s 2.3e-15  gap 2.5e-15   rho_s vs shipped@64 2.3e-15
  vac(Lambda)    + mass breaks N= 6 ( 66 nodes): rho_s 9.1e-13  gap 3.9e-14   rho_s vs shipped@64 9.0e-13
  vac(Lambda)    + mass breaks N= 8 ( 88 nodes): rho_s 8.5e-15  gap 1.2e-15   rho_s vs shipped@64 1.3e-14
  vac(Lambda)    + mass breaks N=10 (110 nodes): rho_s 1.4e-14  gap 5.8e-16   rho_s vs shipped@64 3.4e-15
  vac(Lambda)    + mass breaks N=12 (132 nodes): rho_s 1.6e-14  gap 4.6e-16   rho_s vs shipped@64 9.5e-15
  vac(Lambda)    + mass breaks N=24 (264 nodes): rho_s 1.9e-14  gap 4.7e-15   rho_s vs shipped@64 1.0e-14
CFL n_B=1.149  M=[ 35.7  35.7 226.8]
  vac(Lambda_UV) shipped       N= 6 ( 48 nodes): rho_s 9.8e-11  gap 2.5e-13   rho_s vs shipped@64 9.8e-11
  vac(Lambda_UV) shipped       N= 8 ( 64 nodes): rho_s 5.9e-13  gap 2.4e-15   rho_s vs shipped@64 5.9e-13
  vac(Lambda_UV) shipped       N=10 ( 80 nodes): rho_s 2.0e-13  gap 2.5e-15   rho_s vs shipped@64 2.0e-13
  vac(Lambda_UV) shipped       N=12 ( 96 nodes): rho_s 6.5e-13  gap 3.0e-15   rho_s vs shipped@64 6.5e-13
  vac(Lambda_UV) shipped       N=24 (192 nodes): rho_s 3.2e-13  gap 3.1e-15   rho_s vs shipped@64 3.2e-13
  vac(Lambda_UV) + mass breaks N= 6 ( 66 nodes): rho_s 9.7e-11  gap 2.5e-13   rho_s vs shipped@64 9.7e-11
  vac(Lambda_UV) + mass breaks N= 8 ( 88 nodes): rho_s 5.9e-13  gap 2.4e-15   rho_s vs shipped@64 5.9e-13
  vac(Lambda_UV) + mass breaks N=10 (110 nodes): rho_s 2.0e-13  gap 2.5e-15   rho_s vs shipped@64 2.0e-13
  vac(Lambda_UV) + mass breaks N=12 (132 nodes): rho_s 6.5e-13  gap 3.3e-15   rho_s vs shipped@64 6.5e-13
  vac(Lambda_UV) + mass breaks N=24 (264 nodes): rho_s 3.2e-13  gap 3.1e-15   rho_s vs shipped@64 3.2e-13
  vac(Lambda)    shipped       N= 6 ( 48 nodes): rho_s 3.7e-11  gap 3.7e-12   rho_s vs shipped@64 3.7e-11
  vac(Lambda)    shipped       N= 8 ( 64 nodes): rho_s 3.6e-14  gap 8.0e-15   rho_s vs shipped@64 3.6e-14
  vac(Lambda)    shipped       N=10 ( 80 nodes): rho_s 1.0e-14  gap 2.0e-15   rho_s vs shipped@64 1.0e-14
  vac(Lambda)    shipped       N=12 ( 96 nodes): rho_s 1.6e-14  gap 4.2e-15   rho_s vs shipped@64 1.6e-14
  vac(Lambda)    shipped       N=24 (192 nodes): rho_s 1.9e-14  gap 1.4e-15   rho_s vs shipped@64 1.9e-14
  vac(Lambda)    + mass breaks N= 6 ( 66 nodes): rho_s 3.9e-11  gap 4.1e-12   rho_s vs shipped@64 3.9e-11
  vac(Lambda)    + mass breaks N= 8 ( 88 nodes): rho_s 3.8e-14  gap 8.8e-15   rho_s vs shipped@64 4.0e-14
  vac(Lambda)    + mass breaks N=10 (110 nodes): rho_s 6.9e-15  gap 2.0e-15   rho_s vs shipped@64 8.6e-15
  vac(Lambda)    + mass breaks N=12 (132 nodes): rho_s 1.4e-14  gap 3.2e-15   rho_s vs shipped@64 1.6e-14
  vac(Lambda)    + mass breaks N=24 (264 nodes): rho_s 1.7e-14  gap 1.4e-15   rho_s vs shipped@64 1.9e-14
