=== ticket 10 time: 2SC, backend 'fast', arms ['24/24', '16/16', '12/12', '10/10', '8/8', '24/12', '24/8']
python 3.14.2 (/Library/Frameworks/Python.framework/Versions/3.14/bin/python3), numpy 2.3.5, scipy 1.17.0
eos from /Users/mircoguerrini/Desktop/Research/Python_codes/eos/eos/__init__.py
loadavg at start (27.5712890625, 39.24658203125, 44.34130859375)
  rep 0 arm 24/24      95.5 ms/pt wall     68.3 cpu  rows 200  converged solves 200/200 at    95.5 ms wall /    68.3 cpu  load 26.0
  rep 0 arm 16/16      83.7 ms/pt wall     54.6 cpu  rows 200  converged solves 200/200 at    83.7 ms wall /    54.6 cpu  load 26.1
  rep 0 arm 12/12      72.4 ms/pt wall     46.5 cpu  rows 200  converged solves 200/200 at    72.4 ms wall /    46.5 cpu  load 27.7
  rep 0 arm 10/10      61.5 ms/pt wall     42.2 cpu  rows 200  converged solves 200/200 at    61.5 ms wall /    42.2 cpu  load 30.3
  rep 0 arm 8/8        52.0 ms/pt wall     37.7 cpu  rows 200  converged solves 200/200 at    52.0 ms wall /    37.7 cpu  load 30.6
  rep 0 arm 24/12      75.7 ms/pt wall     55.2 cpu  rows 200  converged solves 200/200 at    75.7 ms wall /    55.1 cpu  load 27.8
  rep 0 arm 24/8       69.0 ms/pt wall     49.7 cpu  rows 200  converged solves 200/200 at    69.0 ms wall /    49.7 cpu  load 25.3
  rep 1 arm 24/24      91.9 ms/pt wall     67.6 cpu  rows 200  converged solves 200/200 at    91.8 ms wall /    67.5 cpu  load 25.5
  rep 1 arm 16/16      66.4 ms/pt wall     52.2 cpu  rows 200  converged solves 200/200 at    66.4 ms wall /    52.2 cpu  load 29.7
  rep 1 arm 12/12      59.4 ms/pt wall     44.6 cpu  rows 200  converged solves 200/200 at    59.4 ms wall /    44.6 cpu  load 30.1
  rep 1 arm 10/10      49.7 ms/pt wall     40.7 cpu  rows 200  converged solves 200/200 at    49.7 ms wall /    40.7 cpu  load 31.9
  rep 1 arm 8/8        45.5 ms/pt wall     37.3 cpu  rows 200  converged solves 200/200 at    45.5 ms wall /    37.3 cpu  load 32.7
  rep 1 arm 24/12      66.2 ms/pt wall     54.8 cpu  rows 200  converged solves 200/200 at    66.2 ms wall /    54.8 cpu  load 29.0
  rep 1 arm 24/8       59.7 ms/pt wall     48.8 cpu  rows 200  converged solves 200/200 at    59.6 ms wall /    48.8 cpu  load 29.3
  rep 2 arm 24/24      89.6 ms/pt wall     67.8 cpu  rows 200  converged solves 200/200 at    89.6 ms wall /    67.8 cpu  load 27.6
  rep 2 arm 16/16      69.6 ms/pt wall     52.8 cpu  rows 200  converged solves 200/200 at    69.6 ms wall /    52.8 cpu  load 29.2
  rep 2 arm 12/12      57.6 ms/pt wall     44.7 cpu  rows 200  converged solves 200/200 at    57.6 ms wall /    44.7 cpu  load 30.5
  rep 2 arm 10/10      50.3 ms/pt wall     40.3 cpu  rows 200  converged solves 200/200 at    50.3 ms wall /    40.3 cpu  load 33.2
  rep 2 arm 8/8        53.4 ms/pt wall     38.0 cpu  rows 200  converged solves 200/200 at    53.4 ms wall /    38.0 cpu  load 30.7
  rep 2 arm 24/12      77.7 ms/pt wall     56.1 cpu  rows 200  converged solves 200/200 at    77.7 ms wall /    56.0 cpu  load 27.7
  rep 2 arm 24/8       66.7 ms/pt wall     49.6 cpu  rows 200  converged solves 200/200 at    66.7 ms wall /    49.6 cpu  load 28.3
