=== ticket 10 attr: 2SC, backend 'fast', arms ['24/24', '16/16', '12/12', '10/10', '8/8', '24/16', '24/12', '24/8']
python 3.14.2 (/Library/Frameworks/Python.framework/Versions/3.14/bin/python3), numpy 2.3.5, scipy 1.17.0
eos from /Users/mircoguerrini/Desktop/Research/Python_codes/eos/eos/__init__.py
loadavg at start (89.37109375, 58.33203125, 40.22998046875)
  rep 0 arm 24/24     111.6 ms/pt wall     70.2 cpu  rows 200  converged solves 200/200 at   111.6 ms wall /    70.2 cpu  load 123.2
    attribution: jitted  57.9%  numpy  29.3%  python  12.8%   named 90.2%
      pair_pass[vac]            18.3%    1.474 ms/call  x2770
      pair_pass                 17.9%    2.137 ms/call  x1870
      hess_pass[vac]            12.2%    1.802 ms/call  x1506
      gapless_momenta           12.1%    1.012 ms/call  x2660
      hess_pass                  9.2%    2.607 ms/call  x790
      unpaired_ref[vac]          4.4%    0.353 ms/call  x2770
      unpaired_ref_hess[vac]     3.7%    0.550 ms/call  x1506
      panel_nodes[vac]           2.8%    0.146 ms/call  x4276
      unpaired_ref               2.8%    0.332 ms/call  x1870
      unpaired_ref_hess          1.9%    0.531 ms/call  x790
      VAC_block                  1.8%    0.105 ms/call  x3740
      panel_nodes                1.7%    0.142 ms/call  x2660
      VAC_hess                   1.3%    0.180 ms/call  x1580
      modes_thermo               0.2%    0.029 ms/call  x1870
      modes_jacobian             0.1%    0.015 ms/call  x790
      vacuum block cache {'hits': 970, 'misses': 2770, 'maxsize': 512, 'currsize': 512}
      vacuum hessian cache {'hits': 74, 'misses': 1506, 'maxsize': 512, 'currsize': 512}
  rep 0 arm 16/16      95.6 ms/pt wall     56.1 cpu  rows 200  converged solves 200/200 at    95.6 ms wall /    56.1 cpu  load 120.3
    attribution: jitted  49.2%  numpy  34.2%  python  16.5%   named 87.3%
      pair_pass                 15.0%    1.538 ms/call  x1860
      pair_pass[vac]            14.6%    1.001 ms/call  x2788
      gapless_momenta           14.5%    1.047 ms/call  x2648
      hess_pass[vac]            10.4%    1.324 ms/call  x1504
      hess_pass                  9.1%    2.200 ms/call  x788
      unpaired_ref_hess[vac]     4.4%    0.561 ms/call  x1504
      unpaired_ref[vac]          4.2%    0.285 ms/call  x2788
      unpaired_ref               3.4%    0.350 ms/call  x1860
      panel_nodes[vac]           2.9%    0.129 ms/call  x4292
      unpaired_ref_hess          2.6%    0.643 ms/call  x788
      panel_nodes                2.2%    0.157 ms/call  x2648
      VAC_hess                   2.0%    0.237 ms/call  x1576
      VAC_block                  1.9%    0.097 ms/call  x3720
      modes_thermo               0.2%    0.016 ms/call  x1860
      modes_jacobian             0.1%    0.012 ms/call  x788
      vacuum block cache {'hits': 932, 'misses': 2788, 'maxsize': 512, 'currsize': 512}
      vacuum hessian cache {'hits': 72, 'misses': 1504, 'maxsize': 512, 'currsize': 512}
  rep 0 arm 12/12      98.7 ms/pt wall     49.0 cpu  rows 200  converged solves 200/200 at    98.6 ms wall /    48.9 cpu  load 135.0
    attribution: jitted  42.5%  numpy  39.6%  python  17.9%   named 86.3%
      gapless_momenta           16.7%    1.263 ms/call  x2614
      pair_pass                 13.4%    1.446 ms/call  x1832
      pair_pass[vac]            12.2%    0.878 ms/call  x2744
      hess_pass[vac]             8.6%    1.137 ms/call  x1488
      hess_pass                  7.9%    1.998 ms/call  x782
      unpaired_ref[vac]          5.1%    0.369 ms/call  x2744
      unpaired_ref_hess[vac]     4.3%    0.573 ms/call  x1488
      panel_nodes[vac]           4.2%    0.197 ms/call  x4232
      unpaired_ref               4.2%    0.452 ms/call  x1832
      unpaired_ref_hess          2.6%    0.653 ms/call  x782
      panel_nodes                2.4%    0.183 ms/call  x2614
      VAC_block                  2.4%    0.130 ms/call  x3664
      VAC_hess                   1.7%    0.217 ms/call  x1564
      modes_thermo               0.2%    0.027 ms/call  x1832
      modes_jacobian             0.1%    0.035 ms/call  x782
      vacuum block cache {'hits': 920, 'misses': 2744, 'maxsize': 512, 'currsize': 512}
      vacuum hessian cache {'hits': 76, 'misses': 1488, 'maxsize': 512, 'currsize': 512}
  rep 0 arm 10/10      80.1 ms/pt wall     44.4 cpu  rows 200  converged solves 200/200 at    80.0 ms wall /    44.4 cpu  load 161.7
    attribution: jitted  40.8%  numpy  39.5%  python  19.7%   named 84.9%
      gapless_momenta           15.7%    0.955 ms/call  x2627
      pair_pass                 12.0%    1.049 ms/call  x1838
      pair_pass[vac]            11.8%    0.697 ms/call  x2710
      hess_pass[vac]             9.7%    1.026 ms/call  x1516
      hess_pass                  6.9%    1.393 ms/call  x789
      unpaired_ref_hess[vac]     5.0%    0.528 ms/call  x1516
      unpaired_ref[vac]          5.0%    0.295 ms/call  x2710
      panel_nodes[vac]           4.9%    0.184 ms/call  x4226
      unpaired_ref               3.5%    0.306 ms/call  x1838
      unpaired_ref_hess          2.8%    0.563 ms/call  x789
      panel_nodes                2.7%    0.162 ms/call  x2627
      VAC_hess                   2.6%    0.259 ms/call  x1578
      VAC_block                  2.0%    0.089 ms/call  x3676
      modes_thermo               0.3%    0.025 ms/call  x1838
      modes_jacobian             0.1%    0.020 ms/call  x789
      vacuum block cache {'hits': 966, 'misses': 2710, 'maxsize': 512, 'currsize': 512}
      vacuum hessian cache {'hits': 62, 'misses': 1516, 'maxsize': 512, 'currsize': 512}
  rep 0 arm 8/8        90.7 ms/pt wall     41.1 cpu  rows 200  converged solves 200/200 at    90.7 ms wall /    41.1 cpu  load 159.9
    attribution: jitted  33.7%  numpy  45.4%  python  20.9%   named 83.9%
      gapless_momenta           20.0%    1.378 ms/call  x2635
      pair_pass[vac]            10.4%    0.681 ms/call  x2776
      pair_pass                 10.2%    1.001 ms/call  x1851
      hess_pass[vac]             7.4%    0.899 ms/call  x1496
      hess_pass                  5.3%    1.224 ms/call  x784
      panel_nodes[vac]           5.1%    0.217 ms/call  x4272
      unpaired_ref[vac]          5.1%    0.330 ms/call  x2776
      unpaired_ref_hess[vac]     4.8%    0.576 ms/call  x1496
      panel_nodes                3.6%    0.249 ms/call  x2635
      unpaired_ref               3.5%    0.344 ms/call  x1851
      unpaired_ref_hess          3.3%    0.772 ms/call  x784
      VAC_block                  2.9%    0.144 ms/call  x3702
      VAC_hess                   1.8%    0.210 ms/call  x1568
      modes_thermo               0.2%    0.022 ms/call  x1851
      modes_jacobian             0.1%    0.032 ms/call  x784
      vacuum block cache {'hits': 926, 'misses': 2776, 'maxsize': 512, 'currsize': 512}
      vacuum hessian cache {'hits': 72, 'misses': 1496, 'maxsize': 512, 'currsize': 512}
  rep 0 arm 24/16      97.7 ms/pt wall     58.2 cpu  rows 200  converged solves 200/200 at    97.7 ms wall /    58.1 cpu  load 151.6
    attribution: jitted  55.1%  numpy  30.3%  python  14.6%   named 88.6%
      pair_pass                 20.0%    2.269 ms/call  x1725
      pair_pass[vac]            13.7%    1.049 ms/call  x2554
      gapless_momenta           12.5%    0.982 ms/call  x2486
      hess_pass                 11.6%    2.968 ms/call  x761
      hess_pass[vac]             9.5%    1.275 ms/call  x1462
      unpaired_ref_hess[vac]     3.8%    0.510 ms/call  x1462
      unpaired_ref[vac]          3.8%    0.287 ms/call  x2554
      unpaired_ref               3.0%    0.341 ms/call  x1725
      panel_nodes[vac]           2.6%    0.124 ms/call  x4016
      unpaired_ref_hess          2.4%    0.606 ms/call  x761
      panel_nodes                2.3%    0.178 ms/call  x2486
      VAC_hess                   1.6%    0.205 ms/call  x1522
      VAC_block                  1.6%    0.090 ms/call  x3450
      modes_thermo               0.2%    0.018 ms/call  x1725
      modes_jacobian             0.1%    0.020 ms/call  x761
      vacuum block cache {'hits': 896, 'misses': 2554, 'maxsize': 512, 'currsize': 512}
      vacuum hessian cache {'hits': 60, 'misses': 1462, 'maxsize': 512, 'currsize': 512}
  rep 0 arm 24/12     135.7 ms/pt wall     60.8 cpu  rows 200  converged solves 200/200 at   135.6 ms wall /    60.8 cpu  load 128.1
    attribution: jitted  48.5%  numpy  34.6%  python  16.9%   named 87.1%
      pair_pass                 20.2%    2.963 ms/call  x1850
      gapless_momenta           14.2%    1.465 ms/call  x2626
      pair_pass[vac]            10.8%    1.064 ms/call  x2766
      hess_pass                 10.6%    3.713 ms/call  x776
      hess_pass[vac]             6.5%    1.190 ms/call  x1478
      unpaired_ref[vac]          4.4%    0.435 ms/call  x2766
      panel_nodes[vac]           3.7%    0.239 ms/call  x4244
      unpaired_ref_hess[vac]     3.7%    0.674 ms/call  x1478
      unpaired_ref               3.5%    0.516 ms/call  x1850
      panel_nodes                2.7%    0.279 ms/call  x2626
      unpaired_ref_hess          2.4%    0.831 ms/call  x776
      VAC_hess                   2.3%    0.400 ms/call  x1552
      VAC_block                  1.7%    0.128 ms/call  x3700
      modes_thermo               0.2%    0.031 ms/call  x1850
      modes_jacobian             0.1%    0.033 ms/call  x776
      vacuum block cache {'hits': 934, 'misses': 2766, 'maxsize': 512, 'currsize': 512}
      vacuum hessian cache {'hits': 74, 'misses': 1478, 'maxsize': 512, 'currsize': 512}
  rep 0 arm 24/8      148.6 ms/pt wall     57.5 cpu  rows 200  converged solves 200/200 at   148.6 ms wall /    57.5 cpu  load 89.1
    attribution: jitted  45.6%  numpy  36.3%  python  18.2%   named 85.9%
      pair_pass                 22.0%    3.730 ms/call  x1755
      gapless_momenta           15.9%    1.873 ms/call  x2517
      hess_pass                 11.6%    4.508 ms/call  x762
      pair_pass[vac]             6.8%    0.780 ms/call  x2602
      hess_pass[vac]             4.8%    0.982 ms/call  x1456
      unpaired_ref[vac]          3.8%    0.434 ms/call  x2602
      unpaired_ref_hess[vac]     3.8%    0.769 ms/call  x1456
      panel_nodes[vac]           3.7%    0.274 ms/call  x4058
      unpaired_ref               3.5%    0.596 ms/call  x1755
      unpaired_ref_hess          3.0%    1.183 ms/call  x762
      panel_nodes                2.6%    0.305 ms/call  x2517
      VAC_hess                   2.1%    0.406 ms/call  x1524
      VAC_block                  2.0%    0.170 ms/call  x3510
      modes_thermo               0.2%    0.037 ms/call  x1755
      modes_jacobian             0.1%    0.047 ms/call  x762
      vacuum block cache {'hits': 908, 'misses': 2602, 'maxsize': 512, 'currsize': 512}
      vacuum hessian cache {'hits': 68, 'misses': 1456, 'maxsize': 512, 'currsize': 512}
