hot 24 / vacuum 24: 0 of 139 keys outside rtol=atol=1e-10 against njl.npz
hot 12 / vacuum 12: 32 of 139 keys outside rtol=atol=1e-10 against njl.npz
    pattern.2SC.n1.4.T20.x: 1.3e+00
    pattern.2SC.n1.4.T20.mu_3: 1.3e+00
    pattern.2SC.n1.4887.T0.x: 9.9e-01
    pattern.2SC.n1.4887.T0.mu_3: 9.9e-01
    pattern.CFL.n1.2.T0.x: 2.0e-03
    pattern.CFL.n1.2.T0.mu_3: 2.0e-03
    pattern.CFL.n1.2.T0.mu_C: 2.0e-03
    pattern.CFL.n1.2.T0.mu_8: 7.7e-06
    pattern.2SC.n1.4.T20.s: 9.4e-07
    pattern.2SC.n1.4.T20.Y_C: 8.9e-07
    pattern.2SC.n1.4.T20.n_e: 8.9e-07
    pattern.2SC.n1.4.T20.Y_e: 8.9e-07
    pattern.2SC.n1.4.T20.Y_Le: 8.9e-07
    pattern.2SC.n1.4.T20.mu_e: 3.7e-07
    pattern.2SC.n1.4.T20.mu_C: 3.7e-07
    pattern.2SC.n1.4.T20.mu_8: 1.9e-07
    pattern.2SC.n1.4.T20.P: 1.3e-07
    pattern.2SC.n1.4.T20.n_s: 8.7e-08
    pattern.2SC.n1.4.T20.Y_s: 8.7e-08
    pattern.2SC.n1.4.T20.Y_S: 8.7e-08
    pattern.2SC.n1.4.T20.Delta: 6.4e-08
    pattern.2SC.n1.4.T20.Y_d: 5.8e-08
    pattern.2SC.n1.4.T20.n_d: 5.8e-08
    pattern.2SC.n1.4.T20.M: 4.6e-08
    pattern.2SC.n1.4.T20.mu_B: 1.6e-08
    pattern.2SC.n1.4.T20.eps: 1.3e-08
    pattern.2SC.n1.4.T20.n_u: 3.6e-09
    pattern.2SC.n1.4.T20.Y_u: 3.6e-09
    pattern.2SC.n1.4.T20.f: 1.5e-09
    pattern.2SC.n1.4887.T0.M: 2.4e-10
    pattern.2SC.n1.4887.T0.mu_e: 1.4e-10
    pattern.2SC.n1.4887.T0.mu_C: 1.4e-10
hot 10 / vacuum 10: 41 of 139 keys outside rtol=atol=1e-10 against njl.npz
    pattern.2SC.n1.4.T20.x: 1.8e+00
    pattern.2SC.n1.4.T20.mu_3: 1.8e+00
    pattern.2SC.n1.4887.T0.x: 1.0e+00
    pattern.2SC.n1.4887.T0.mu_3: 1.0e+00
    pattern.CFL.n1.2.T0.x: 4.4e-03
    pattern.CFL.n1.2.T0.mu_3: 4.4e-03
    pattern.CFL.n1.2.T0.mu_C: 4.4e-03
    pattern.CFL.n1.2.T0.mu_8: 1.7e-05
    pattern.2SC.n1.4.T20.s: 1.1e-05
    pattern.2SC.n1.4.T20.Y_e: 6.9e-06
    pattern.2SC.n1.4.T20.Y_Le: 6.9e-06
    pattern.2SC.n1.4.T20.n_e: 6.9e-06
    pattern.2SC.n1.4.T20.Y_C: 6.9e-06
    pattern.2SC.n1.4.T20.mu_8: 3.9e-06
    pattern.2SC.n1.4.T20.mu_e: 2.9e-06
    pattern.2SC.n1.4.T20.mu_C: 2.9e-06
    pattern.2SC.n1.4.T20.P: 1.3e-06
    pattern.2SC.n1.4.T20.Delta: 6.8e-07
    pattern.2SC.n1.4.T20.M: 5.9e-07
    pattern.2SC.n1.4.T20.mu_B: 1.8e-07
    pattern.2SC.n1.4.T20.Y_s: 1.7e-07
    pattern.2SC.n1.4.T20.Y_S: 1.7e-07
    pattern.2SC.n1.4.T20.n_s: 1.7e-07
    pattern.2SC.n1.4.T20.eps: 1.4e-07
    pattern.2SC.n1.4.T20.n_d: 1.3e-07
    pattern.2SC.n1.4.T20.Y_d: 1.3e-07
    pattern.2SC.n1.4.T20.Y_u: 2.8e-08
    pattern.2SC.n1.4.T20.n_u: 2.8e-08
    pattern.2SC.n1.4.T20.f: 1.2e-08
    pattern.2SC.n1.4887.T0.mu_8: 3.1e-09
    pattern.2SC.n1.4887.T0.mu_e: 1.1e-09
    pattern.2SC.n1.4887.T0.mu_C: 1.1e-09
    pattern.2SC.n1.4887.T0.P: 9.4e-10
    pattern.2SC.n1.4887.T0.M: 7.5e-10
    pattern.CFL.n1.2.T0.P: 3.9e-10
    pattern.2SC.n1.4887.T0.Y_s: 3.5e-10
    pattern.2SC.n1.4887.T0.Y_S: 3.5e-10
    pattern.2SC.n1.4887.T0.n_s: 3.3e-10
    pattern.2SC.n1.4887.T0.n_d: 2.2e-10
    pattern.2SC.n1.4887.T0.Y_d: 2.0e-10
    pattern.2SC.n1.4887.T0.mu_B: 1.1e-10
hot 24 / vacuum 12: 9 of 139 keys outside rtol=atol=1e-10 against njl.npz
    pattern.2SC.n1.4887.T0.x: 1.1e+00
    pattern.2SC.n1.4887.T0.mu_3: 1.1e+00
    pattern.CFL.n1.2.T0.x: 1.9e-04
    pattern.CFL.n1.2.T0.mu_C: 1.9e-04
    pattern.CFL.n1.2.T0.mu_3: 1.9e-04
    pattern.CFL.n1.2.T0.mu_8: 7.2e-07
    pattern.2SC.n1.4887.T0.M: 2.9e-10
    pattern.2SC.n1.4887.T0.mu_e: 1.1e-10
    pattern.2SC.n1.4887.T0.mu_C: 1.1e-10
hot 24 / vacuum 10: 12 of 139 keys outside rtol=atol=1e-10 against njl.npz
    pattern.2SC.n1.4887.T0.x: 9.9e-01
    pattern.2SC.n1.4887.T0.mu_3: 9.9e-01
    pattern.2SC.n1.4.T20.x: 1.7e-01
    pattern.CFL.n1.2.T0.x: 3.6e-03
    pattern.CFL.n1.2.T0.mu_3: 3.6e-03
    pattern.CFL.n1.2.T0.mu_C: 3.6e-03
    pattern.CFL.n1.2.T0.mu_8: 1.4e-05
    pattern.2SC.n1.4.T20.M: 8.0e-10
    pattern.2SC.n1.4887.T0.M: 6.7e-10
    pattern.CFL.n1.2.T0.P: 1.3e-10
    pattern.2SC.n1.4887.T0.mu_e: 1.2e-10
    pattern.2SC.n1.4887.T0.mu_C: 1.2e-10
