ticket 11/17 trace, variant HEAD
python 3.14.2 (/Library/Frameworks/Python.framework/Versions/3.14/bin/python3), numpy 2.3.5, scipy 1.17.0
  solve    0 locate.scan      0  0.600000   -     +nan    81   246  18170     0   230.6
  solve    1 locate.scan      0  0.686364   -     +nan    67   204  11646     0    95.0
  solve    2 locate.scan      0  0.772727   -     +nan    60   183  15388     0   162.9
  solve    3 locate.scan      0  0.859091   Y  +0.7142    54   168   6991     0    52.3
  solve    4 locate.scan      0  0.945455   Y  +0.9272    38   120   4646     0    32.0
  solve    5 locate.scan      0  1.031818   Y  +0.9868    31    99   3538     0    25.9
  solve    6 locate.scan      0  1.118182   Y  +0.9985    31    99   3562     0    25.1
  solve    7 locate.scan      0  1.204545   Y  +1.0000    37   117   4131     0    28.2
  solve    8 locate.scan      0  1.290909   Y  +1.0000    27    87   3377     0    23.3
  solve    9 locate.scan      0  1.377273   Y  +1.0006    39   123   4473     0    29.2
  solve   10 locate.scan      0  1.463636   Y  +1.0019    27    87   3232     0    22.3
  solve   11 locate.scan      0  1.550000   Y  +1.0039    37   117   4319     0    29.9
  solve   12 locate.walk      0  0.859091   Y  +0.7142    19    63   2299     0    17.7
  solve   13 locate.walk      0  0.855272   Y  +0.7002    31    99   3713     0    28.3
  solve   14 locate.walk      0  0.855272   Y  +0.7002     9    33   1193     0    10.7
  solve   15 locate.walk      0  0.851453   -     +nan    62   192   8181     0    73.0
  solve   16 locate.bisect    0  1.204545   Y  +1.0000     9    33   1314     0     8.9
  solve   17 locate.bisect    0  1.247727   Y  +1.0000    25    81   2924     0    20.2
  solve   18 locate.bisect    0  1.204545   Y  +1.0000     9    33   1314     0     8.9
  solve   19 locate.bisect    0  1.226136   Y  +1.0000    25    81   3111     0    21.7
  solve   20 locate.bisect    0  1.226136   Y  +1.0000    11    39   1453     0     9.9
  solve   21 locate.bisect    0  1.236932   Y  +1.0000    18    60   2189     0    15.9
  solve   22 locate.bisect    0  1.236932   Y  +1.0000     9    33   1176     0     8.0
  solve   23 locate.bisect    0  1.242330   Y  +1.0000    30    96   3450     0    24.2
  solve   24 locate.bisect    0  1.242330   Y  +1.0000    11    39   1473     0    10.1
  solve   25 locate.bisect    0  1.245028   Y  +1.0000    28    90   3296     0    22.4
  solve   26 solve_fixed_chi  0  0.853362   -     +nan    90   276  21519     0   239.2
  solve   27 solve_fixed_chi  0  1.022609   Y  +1.0000    60   186   6922     0    47.0  -> n 1.245028

locate_window hint=(0.6, 1.55) refine='exact': window 0.8533622658748288 -> 1.2450284086872276 exists=True 15 probes   wall 2332.3 s  cpu 1322.9 s

=== hinted ===
  site              resid    thH    thQ     tfm  seed  cold    thQ s    tfm s  sPat
  locate.bisect       175    185    185     585    20     0    198.3    215.2    30
  locate.scan         529    538    538    1650    24     4   1414.7   1444.3    48
  locate.walk         121    124    124     387    10     1    167.4    175.0    18
  solve_fixed_chi     150    151    151     462     6     1    414.7    419.3    12
  TOTAL               975    998    998    3084    60     6   2195.0   2253.8   108
  sweep retry depth: 0=975
  scipy nfev 945
  30 root calls   site              n  steps   jac
      locate.bisect    n=4 calls=  10 steps=   125 jac=    40  (24% of residuals)
      locate.scan      n=4 calls=  12 steps=   449 jac=    68  (13% of residuals)
      locate.walk      n=4 calls=   5 steps=    92 jac=    24  (21% of residuals)
      solve_fixed_chi  n=4 calls=   3 steps=   127 jac=    20  (14% of residuals)
  per root call (site:residuals/jac-cols, depth>0 marked *):
      locate.scan:80/8  locate.scan:66/12  locate.scan:59/8  locate.scan:53/8  locate.scan:37/4  locate.scan:30/4
      locate.scan:30/4  locate.scan:36/4  locate.scan:26/4  locate.scan:38/4  locate.scan:26/4  locate.scan:36/4
      locate.walk:18/4  locate.walk:30/4  locate.walk:8/4  locate.walk:22/4  locate.walk:38/8  locate.bisect:8/4
      locate.bisect:24/4  locate.bisect:8/4  locate.bisect:24/4  locate.bisect:10/4  locate.bisect:17/4  locate.bisect:8/4
      locate.bisect:29/4  locate.bisect:10/4  locate.bisect:27/4  solve_fixed_chi:37/4  solve_fixed_chi:51/12  solve_fixed_chi:59/4

##### ticket 17: hinted -- 3084 thermo_from_mu calls, 1028 quark thermo calls
  internal_residual evaluations by rung: hybr 136874 (91.9%), polish 12126 (8.1%)   total 149000
  seconds (NOT quotable under load): all 2253.9, hybr 1876.0, polish 337.1
  site             pattern        hybr-ok    lm-rescue lm+polish-ok     fail(lm)    polish-ok         fail  lm evals  of evals
  locate.bisect    2SC                195            0            0            0            0            0         0      0.0%
  locate.bisect    CFL                195            0            0            0            0            0         0      0.0%
  locate.bisect    unpaired           195            0            0            0            0            0         0      0.0%
  locate.scan      2SC                538            0            0            0           12            0         0      0.0%
  locate.scan      CFL                438            0            0            0            0          112         0      0.0%
  locate.scan      unpaired           530            0            0            0            0           20         0      0.0%
  locate.walk      2SC                129            0            0            0            0            0         0      0.0%
  locate.walk      CFL                126            0            0            0            0            3         0      0.0%
  locate.walk      unpaired           129            0            0            0            0            0         0      0.0%
  solve_fixed_chi  2SC                140            0            0            0           13            1         0      0.0%
  solve_fixed_chi  CFL                107            0            0            0            1           46         0      0.0%
  solve_fixed_chi  unpaired           149            0            0            0            0            5         0      0.0%
  entered lm: 0   converged after lm (lm or polish): 0
    ...of which the bounded call ALSO converges: 0; LOST under the bound: 0; failing now but converging bounded: 0
  quark thermo calls whose RETURNED BLOCK would change under the bound: 0
  lm-rescued candidates that held their layout (would be carried as a seed by `seed()`): 0
  lm share of evals by (site, retry depth>=1): locate.bisect/d0: 0/21700 = 0.0%; locate.scan/d0: 0/83473 = 0.0%; locate.walk/d0: 0/15386 = 0.0%; solve_fixed_chi/d0: 0/28441 = 0.0%

##### ticket 11 trace: hinted -- 28 mixed solves
    # site             d       n_B  ok      chi resid   tfm  evals    lm   cpu s
    0 locate.scan      0  0.600000   -     +nan    81   246  18170     0   230.6
    1 locate.scan      0  0.686364   -     +nan    67   204  11646     0    95.0
    2 locate.scan      0  0.772727   -     +nan    60   183  15388     0   162.9
    3 locate.scan      0  0.859091   Y  +0.7142    54   168   6991     0    52.3
    4 locate.scan      0  0.945455   Y  +0.9272    38   120   4646     0    32.0
    5 locate.scan      0  1.031818   Y  +0.9868    31    99   3538     0    25.9
    6 locate.scan      0  1.118182   Y  +0.9985    31    99   3562     0    25.1
    7 locate.scan      0  1.204545   Y  +1.0000    37   117   4131     0    28.2
    8 locate.scan      0  1.290909   Y  +1.0000    27    87   3377     0    23.3
    9 locate.scan      0  1.377273   Y  +1.0006    39   123   4473     0    29.2
   10 locate.scan      0  1.463636   Y  +1.0019    27    87   3232     0    22.3
   11 locate.scan      0  1.550000   Y  +1.0039    37   117   4319     0    29.9
   12 locate.walk      0  0.859091   Y  +0.7142    19    63   2299     0    17.7
   13 locate.walk      0  0.855272   Y  +0.7002    31    99   3713     0    28.3
   14 locate.walk      0  0.855272   Y  +0.7002     9    33   1193     0    10.7
   15 locate.walk      0  0.851453   -     +nan    62   192   8181     0    73.0
   16 locate.bisect    0  1.204545   Y  +1.0000     9    33   1314     0     8.9
   17 locate.bisect    0  1.247727   Y  +1.0000    25    81   2924     0    20.2
   18 locate.bisect    0  1.204545   Y  +1.0000     9    33   1314     0     8.9
   19 locate.bisect    0  1.226136   Y  +1.0000    25    81   3111     0    21.7
   20 locate.bisect    0  1.226136   Y  +1.0000    11    39   1453     0     9.9
   21 locate.bisect    0  1.236932   Y  +1.0000    18    60   2189     0    15.9
   22 locate.bisect    0  1.236932   Y  +1.0000     9    33   1176     0     8.0
   23 locate.bisect    0  1.242330   Y  +1.0000    30    96   3450     0    24.2
   24 locate.bisect    0  1.242330   Y  +1.0000    11    39   1473     0    10.1
   25 locate.bisect    0  1.245028   Y  +1.0000    28    90   3296     0    22.4
   26 solve_fixed_chi  0  0.853362   -     +nan    90   276  21519     0   239.2
   27 solve_fixed_chi  0  1.022609   Y  +1.0000    60   186   6922     0    47.0  -> n 1.245028
  site             retry  ok solves  resid    tfm   evals     lm    cpu s
  locate.bisect        0   Y     10    175    585   21700      0    150.1
  locate.scan          0   -      3    208    633   45204      0    488.5
  locate.scan          0   Y      9    321   1017   38269      0    268.3
  locate.walk          0   -      1     62    192    8181      0     73.0
  locate.walk          0   Y      3     59    195    7205      0     56.7
  solve_fixed_chi      0   -      1     90    276   21519      0    239.2
  solve_fixed_chi      0   Y      1     60    186    6922      0     47.0
  TOTAL                          28    975   3084  149000      0   1322.8
EXIT 0
