ticket 11/17 trace, variant walkdown0
python 3.14.2 (/Library/Frameworks/Python.framework/Versions/3.14/bin/python3), numpy 2.3.5, scipy 1.17.0
  solve    0 locate.scan      0  0.600000   -     +nan    81   246  37807 19449   678.7
  solve    1 locate.scan      0  0.686364   -     +nan    67   204  16927  5281   182.2
  solve    2 locate.scan      0  0.772727   -     +nan    60   183  29633 14245   457.3
  solve    3 locate.scan      0  0.859091   Y  +0.7142    54   168   7134   143    57.9
  solve    4 locate.scan      0  0.945455   Y  +0.9272    38   120   4646     0    34.1
  solve    5 locate.scan      0  1.031818   Y  +0.9868    31    99   3538     0    27.5
  solve    6 locate.scan      0  1.118182   Y  +0.9985    31    99   3562     0    26.5
  solve    7 locate.scan      0  1.204545   Y  +1.0000    37   117   4131     0    29.5
  solve    8 locate.scan      0  1.290909   Y  +1.0000    27    87   3377     0    24.3
  solve    9 locate.scan      0  1.377273   Y  +1.0006    39   123   4473     0    30.1
  solve   10 locate.scan      0  1.463636   Y  +1.0019    27    87   3232     0    22.9
  solve   11 locate.scan      0  1.550000   Y  +1.0039    37   117   4319     0    30.8
  solve   12 locate.walk      0  0.859091   Y  +0.7142    19    63   2299     0    18.8
  solve   13 locate.walk      0  0.855272   Y  +0.7002    31    99   3713     0    29.6
  solve   14 locate.walk      0  0.855272   Y  +0.7002     9    33   1193     0    11.0
  solve   15 locate.walk      0  0.851453   -     +nan    79   243  12702  2027   134.7
  solve   16 locate.bisect    0  1.204545   Y  +1.0000     9    33   1314     0     9.0
  solve   17 locate.bisect    0  1.247727   Y  +1.0000    25    81   2924     0    20.3
  solve   18 locate.bisect    0  1.204545   Y  +1.0000     9    33   1314     0     9.0
  solve   19 locate.bisect    0  1.226136   Y  +1.0000    25    81   3111     0    22.3
  solve   20 locate.bisect    0  1.226136   Y  +1.0000    11    39   1453     0    10.4
  solve   21 locate.bisect    0  1.236932   Y  +1.0000    18    60   2189     0    16.2
  solve   22 locate.bisect    0  1.236932   Y  +1.0000     9    33   1176     0     8.2
  solve   23 locate.bisect    0  1.242330   Y  +1.0000    30    96   3450     0    25.0
  solve   24 locate.bisect    0  1.242330   Y  +1.0000    11    39   1473     0    10.1
  solve   25 locate.bisect    0  1.245028   Y  +1.0000    28    90   3296     0    26.8
  solve   26 solve_fixed_chi  0  0.853362   -     +nan    90   276  39012 17493   535.0
  solve   27 solve_fixed_chi  0  1.022609   Y  +1.0000    60   186   6922     0    46.1  -> n 1.245028

locate_window hint=(0.6, 1.55) refine='exact': window 0.8533622658748288 -> 1.2450284086872276 exists=True 15 probes   wall 6369.9 s  cpu 2534.3 s

=== hinted ===
  site              resid    thH    thQ     tfm  seed  cold    thQ s    tfm s  sPat
  locate.bisect       175    185    185     585    20     0    545.5    581.1    30
  locate.scan         529    538    538    1650    24     4   3755.6   3524.4    48
  locate.walk         138    141    141     438    10     1    595.4    598.8    18
  solve_fixed_chi     150    151    151     462     6     1   1233.4   1135.2    12
  TOTAL               992   1015   1015    3135    60     6   6129.9   5839.5   108
  sweep retry depth: 0=992
  scipy nfev 962
  30 root calls   site              n  steps   jac
      locate.bisect    n=4 calls=  10 steps=   125 jac=    40  (24% of residuals)
      locate.scan      n=4 calls=  12 steps=   449 jac=    68  (13% of residuals)
      locate.walk      n=4 calls=   5 steps=   105 jac=    28  (21% of residuals)
      solve_fixed_chi  n=4 calls=   3 steps=   127 jac=    20  (14% of residuals)
  per root call (site:residuals/jac-cols, depth>0 marked *):
      locate.scan:80/8  locate.scan:66/12  locate.scan:59/8  locate.scan:53/8  locate.scan:37/4  locate.scan:30/4
      locate.scan:30/4  locate.scan:36/4  locate.scan:26/4  locate.scan:38/4  locate.scan:26/4  locate.scan:36/4
      locate.walk:18/4  locate.walk:30/4  locate.walk:8/4  locate.walk:39/8  locate.walk:38/8  locate.bisect:8/4
      locate.bisect:24/4  locate.bisect:8/4  locate.bisect:24/4  locate.bisect:10/4  locate.bisect:17/4  locate.bisect:8/4
      locate.bisect:29/4  locate.bisect:10/4  locate.bisect:27/4  solve_fixed_chi:37/4  solve_fixed_chi:51/12  solve_fixed_chi:59/4

##### ticket 17: hinted -- 3135 thermo_from_mu calls, 1045 quark thermo calls
  internal_residual evaluations by rung: hybr 139175 (66.2%), lm 58638 (27.9%), polish 12507 (5.9%)   total 210320
  seconds (NOT quotable under load): all 5839.6, hybr 3161.7, lm 2136.1, polish 465.2
  site             pattern        hybr-ok    lm-rescue lm+polish-ok     fail(lm)    polish-ok         fail  lm evals  of evals
  locate.bisect    2SC                195            0            0            0            0            0         0      0.0%
  locate.bisect    CFL                195            0            0            0            0            0         0      0.0%
  locate.bisect    unpaired           195            0            0            0            0            0         0      0.0%
  locate.scan      2SC                538            0           12            0            0            0      1557      5.9%
  locate.scan      CFL                438            0            0          112            0            0     34606     43.5%
  locate.scan      unpaired           530            0            0           20            0            0      2955     17.4%
  locate.walk      2SC                146            0            0            0            0            0         0      0.0%
  locate.walk      CFL                139            1            0            6            0            0      2027     18.4%
  locate.walk      unpaired           146            0            0            0            0            0         0      0.0%
  solve_fixed_chi  2SC                140            0           13            1            0            0      2217     19.0%
  solve_fixed_chi  CFL                107            0            1           46            0            0     14448     48.6%
  solve_fixed_chi  unpaired           149            0            0            5            0            0       828     18.4%
  entered lm: 217   converged after lm (lm or polish): 27
    ...of which the bounded call ALSO converges: 26; LOST under the bound: 1; failing now but converging bounded: 0
    LOST  locate.walk      d0 CFL       call   632 -> realised CFL       P 285.255802  hybr err 8.81e-04 polish-from-hybr 8.81e-04  mu (np.float64(1518.1886544299666), np.float64(-201.1551380886651), 0.0)
    kept  locate.scan      2SC       realised 2SC/2SC  |dP|/P 0.0e+00
    kept  locate.scan      2SC       realised 2SC/2SC  |dP|/P 0.0e+00
    kept  locate.scan      2SC       realised 2SC/2SC  |dP|/P 0.0e+00
    kept  locate.scan      2SC       realised 2SC/2SC  |dP|/P 0.0e+00
    kept  locate.scan      2SC       realised 2SC/2SC  |dP|/P 0.0e+00
    kept  locate.scan      2SC       realised 2SC/2SC  |dP|/P 0.0e+00
    kept  locate.scan      2SC       realised 2SC/2SC  |dP|/P 0.0e+00
    kept  locate.scan      2SC       realised 2SC/2SC  |dP|/P 0.0e+00
    kept  locate.scan      2SC       realised 2SC/2SC  |dP|/P 0.0e+00
    kept  locate.scan      2SC       realised 2SC/2SC  |dP|/P 0.0e+00
    kept  locate.scan      2SC       realised 2SC/2SC  |dP|/P 0.0e+00
    kept  locate.scan      2SC       realised 2SC/2SC  |dP|/P 0.0e+00
    kept  solve_fixed_chi  2SC       realised 2SC/2SC  |dP|/P 0.0e+00
    kept  solve_fixed_chi  2SC       realised 2SC/2SC  |dP|/P 0.0e+00
    kept  solve_fixed_chi  2SC       realised 2SC/2SC  |dP|/P 0.0e+00
    kept  solve_fixed_chi  2SC       realised 2SC/2SC  |dP|/P 0.0e+00
    kept  solve_fixed_chi  2SC       realised 2SC/2SC  |dP|/P 0.0e+00
    kept  solve_fixed_chi  2SC       realised 2SC/2SC  |dP|/P 0.0e+00
    kept  solve_fixed_chi  2SC       realised 2SC/2SC  |dP|/P 0.0e+00
    kept  solve_fixed_chi  2SC       realised 2SC/2SC  |dP|/P 0.0e+00
    kept  solve_fixed_chi  CFL       realised dsSC/dsSC  |dP|/P 0.0e+00
    kept  solve_fixed_chi  2SC       realised 2SC/2SC  |dP|/P 0.0e+00
    kept  solve_fixed_chi  2SC       realised 2SC/2SC  |dP|/P 0.0e+00
    kept  solve_fixed_chi  2SC       realised 2SC/2SC  |dP|/P 0.0e+00
    kept  solve_fixed_chi  2SC       realised 2SC/2SC  |dP|/P 0.0e+00
    kept  solve_fixed_chi  2SC       realised 2SC/2SC  |dP|/P 0.0e+00
  quark thermo calls whose RETURNED BLOCK would change under the bound: 1
    call 632: ('CFL', 285.2558022715898) -> ('2SC', 259.6942466751077)
  lm-rescued candidates that held their layout (would be carried as a seed by `seed()`): 1
  lm share of evals by (site, retry depth>=1): locate.bisect/d0: 0/21700 = 0.0%; locate.scan/d0: 39118/122779 = 31.9%; locate.walk/d0: 2027/19907 = 10.2%; solve_fixed_chi/d0: 17493/45934 = 38.1%

##### ticket 11 trace: hinted -- 28 mixed solves
    # site             d       n_B  ok      chi resid   tfm  evals    lm   cpu s
    0 locate.scan      0  0.600000   -     +nan    81   246  37807 19449   678.7
    1 locate.scan      0  0.686364   -     +nan    67   204  16927  5281   182.2
    2 locate.scan      0  0.772727   -     +nan    60   183  29633 14245   457.3
    3 locate.scan      0  0.859091   Y  +0.7142    54   168   7134   143    57.9
    4 locate.scan      0  0.945455   Y  +0.9272    38   120   4646     0    34.1
    5 locate.scan      0  1.031818   Y  +0.9868    31    99   3538     0    27.5
    6 locate.scan      0  1.118182   Y  +0.9985    31    99   3562     0    26.5
    7 locate.scan      0  1.204545   Y  +1.0000    37   117   4131     0    29.5
    8 locate.scan      0  1.290909   Y  +1.0000    27    87   3377     0    24.3
    9 locate.scan      0  1.377273   Y  +1.0006    39   123   4473     0    30.1
   10 locate.scan      0  1.463636   Y  +1.0019    27    87   3232     0    22.9
   11 locate.scan      0  1.550000   Y  +1.0039    37   117   4319     0    30.8
   12 locate.walk      0  0.859091   Y  +0.7142    19    63   2299     0    18.8
   13 locate.walk      0  0.855272   Y  +0.7002    31    99   3713     0    29.6
   14 locate.walk      0  0.855272   Y  +0.7002     9    33   1193     0    11.0
   15 locate.walk      0  0.851453   -     +nan    79   243  12702  2027   134.7
   16 locate.bisect    0  1.204545   Y  +1.0000     9    33   1314     0     9.0
   17 locate.bisect    0  1.247727   Y  +1.0000    25    81   2924     0    20.3
   18 locate.bisect    0  1.204545   Y  +1.0000     9    33   1314     0     9.0
   19 locate.bisect    0  1.226136   Y  +1.0000    25    81   3111     0    22.3
   20 locate.bisect    0  1.226136   Y  +1.0000    11    39   1453     0    10.4
   21 locate.bisect    0  1.236932   Y  +1.0000    18    60   2189     0    16.2
   22 locate.bisect    0  1.236932   Y  +1.0000     9    33   1176     0     8.2
   23 locate.bisect    0  1.242330   Y  +1.0000    30    96   3450     0    25.0
   24 locate.bisect    0  1.242330   Y  +1.0000    11    39   1473     0    10.1
   25 locate.bisect    0  1.245028   Y  +1.0000    28    90   3296     0    26.8
   26 solve_fixed_chi  0  0.853362   -     +nan    90   276  39012 17493   535.0
   27 solve_fixed_chi  0  1.022609   Y  +1.0000    60   186   6922     0    46.1  -> n 1.245028
  site             retry  ok solves  resid    tfm   evals     lm    cpu s
  locate.bisect        0   Y     10    175    585   21700      0    157.4
  locate.scan          0   -      3    208    633   84367  38975   1318.2
  locate.scan          0   Y      9    321   1017   38412    143    283.6
  locate.walk          0   -      1     79    243   12702   2027    134.7
  locate.walk          0   Y      3     59    195    7205      0     59.4
  solve_fixed_chi      0   -      1     90    276   39012  17493    535.0
  solve_fixed_chi      0   Y      1     60    186    6922      0     46.1
  TOTAL                          28    992   3135  210320  58638   2534.3
EXIT 0
