# NOTE: the "landed" arm here is the edit AS WRITTEN in ticket 16 (bound on both backends), before 50b3b7f restricted it to the Jacobian path.
landed 0.5000 win=2SC seeds=['2SC', 'unpaired']  unpaired[none,ok,unpaired,617.0950]  2SC[CROSS,ok,2SC,525.8651]  CFL[CROSS,ok,2SC,525.8651]
landed 0.5053 win=2SC seeds=['2SC', 'unpaired']  unpaired[own,ok,unpaired,624.6673]  2SC[own,ok,2SC,532.5746]  CFL[CROSS,ok,2SC,532.5746]
landed 0.5106 win=2SC seeds=['2SC', 'unpaired']  unpaired[own,ok,unpaired,632.2739]  2SC[own,ok,2SC,539.3193]  CFL[CROSS,ok,2SC,539.3193]
landed 0.5158 win=2SC seeds=['2SC', 'unpaired']  unpaired[own,ok,unpaired,639.9146]  2SC[own,ok,2SC,546.0990]  CFL[CROSS,ok,2SC,546.0990]
landed 0.5211 win=2SC seeds=['2SC', 'unpaired']  unpaired[own,ok,unpaired,647.5895]  2SC[own,ok,2SC,552.9137]  CFL[CROSS,ok,2SC,552.9137]
landed 0.5264 win=2SC seeds=['2SC', 'unpaired']  unpaired[own,ok,unpaired,655.2984]  2SC[own,ok,2SC,559.7630]  CFL[CROSS,ok,2SC,559.7630]
landed 0.5317 win=2SC seeds=['2SC', 'unpaired']  unpaired[own,ok,unpaired,663.0413]  2SC[own,ok,2SC,566.6469]  CFL[CROSS,ok,2SC,566.6469]
landed 0.5369 win=2SC seeds=['2SC', 'unpaired']  unpaired[own,ok,unpaired,670.8181]  2SC[own,ok,2SC,573.5651]  CFL[CROSS,ok,2SC,573.5651]
landed 0.5422 win=2SC seeds=['2SC', 'unpaired']  unpaired[own,ok,unpaired,678.6286]  2SC[own,ok,2SC,580.5175]  CFL[CROSS,ok,2SC,580.5175]
landed 0.5475 win=2SC seeds=['2SC', 'unpaired']  unpaired[own,ok,unpaired,686.4729]  2SC[own,ok,2SC,587.5040]  CFL[CROSS,ok,2SC,587.5040]
landed 0.5528 win=2SC seeds=['2SC', 'unpaired']  unpaired[own,ok,unpaired,694.3507]  2SC[own,ok,2SC,594.5244]  CFL[CROSS,ok,2SC,594.5244]
landed 0.5580 win=2SC seeds=['2SC', 'unpaired']  unpaired[own,ok,unpaired,702.2621]  2SC[own,ok,2SC,601.5786]  CFL[CROSS,ok,2SC,601.5786]
landed 0.5633 win=2SC seeds=['2SC', 'unpaired']  unpaired[own,ok,unpaired,710.2069]  2SC[own,ok,2SC,608.6664]  CFL[CROSS,ok,2SC,608.6664]
landed 0.5686 win=2SC seeds=['2SC', 'unpaired']  unpaired[own,ok,unpaired,718.1850]  2SC[own,ok,2SC,615.7877]  CFL[CROSS,NO,CFL,627.4803]
landed 0.5739 win=2SC seeds=['2SC', 'unpaired']  unpaired[own,ok,unpaired,726.1964]  2SC[own,ok,2SC,622.9423]  CFL[CROSS,NO,CFL,634.0302]
landed 0.5791 win=2SC seeds=['2SC', 'unpaired']  unpaired[own,ok,unpaired,734.2409]  2SC[own,ok,2SC,630.1302]  CFL[CROSS,NO,CFL,640.6175]
landed 0.5844 win=2SC seeds=['2SC', 'unpaired']  unpaired[own,ok,unpaired,742.3184]  2SC[own,ok,2SC,637.3511]  CFL[CROSS,NO,CFL,647.2565]
landed 0.5897 win=2SC seeds=['2SC', 'unpaired']  unpaired[own,ok,unpaired,750.4289]  2SC[own,ok,2SC,644.6050]  CFL[CROSS,NO,CFL,653.9411]
landed 0.5950 win=2SC seeds=['2SC', 'unpaired']  unpaired[own,ok,unpaired,758.5723]  2SC[own,ok,2SC,651.8917]  CFL[CROSS,NO,CFL,660.6510]
landed 0.6003 win=2SC seeds=['2SC', 'unpaired']  unpaired[own,ok,unpaired,766.7484]  2SC[own,ok,2SC,659.2112]  CFL[CROSS,NO,CFL,667.3418]
landed 0.6055 win=2SC seeds=['2SC', 'CFL', 'unpaired']  unpaired[own,ok,unpaired,774.9572]  2SC[own,ok,2SC,666.5632]  CFL[CROSS,ok,CFL,674.5474]
landed 0.6108 win=2SC seeds=['2SC', 'CFL', 'unpaired']  unpaired[own,ok,unpaired,783.1986]  2SC[own,ok,2SC,673.9476]  CFL[own,ok,CFL,681.5388]
landed 0.6161 win=2SC seeds=['2SC', 'CFL', 'unpaired']  unpaired[own,ok,unpaired,791.4725]  2SC[own,ok,2SC,681.3645]  CFL[own,ok,CFL,688.5878]
landed 0.6214 win=2SC seeds=['2SC', 'CFL', 'unpaired']  unpaired[own,ok,unpaired,799.7788]  2SC[own,ok,2SC,688.8135]  CFL[own,ok,CFL,695.6896]
landed 0.6266 win=2SC seeds=['2SC', 'CFL', 'unpaired']  unpaired[own,ok,unpaired,808.1173]  2SC[own,ok,2SC,696.2947]  CFL[own,ok,CFL,702.8408]
landed 0.6319 win=2SC seeds=['2SC', 'CFL', 'unpaired']  unpaired[own,ok,unpaired,816.4881]  2SC[own,ok,2SC,703.8078]  CFL[own,ok,CFL,710.0388]
landed 0.6372 win=2SC seeds=['2SC', 'CFL', 'unpaired']  unpaired[own,ok,unpaired,824.8910]  2SC[own,ok,2SC,711.3529]  CFL[own,ok,CFL,717.2817]
landed 0.6425 win=2SC seeds=['2SC', 'CFL', 'unpaired']  unpaired[own,ok,unpaired,833.3259]  2SC[own,ok,2SC,718.9297]  CFL[own,ok,CFL,724.5679]
landed 0.6477 win=2SC seeds=['2SC', 'CFL', 'unpaired']  unpaired[own,ok,unpaired,841.7928]  2SC[own,ok,2SC,726.5382]  CFL[own,ok,CFL,731.8961]
landed 0.6530 win=2SC seeds=['2SC', 'CFL', 'unpaired']  unpaired[own,ok,unpaired,850.2915]  2SC[own,ok,2SC,734.1783]  CFL[own,ok,CFL,739.2652]
landed 0.6583 win=2SC seeds=['2SC', 'CFL', 'unpaired']  unpaired[own,ok,unpaired,858.8219]  2SC[own,ok,2SC,741.8499]  CFL[own,ok,CFL,746.6744]
landed 0.6636 win=2SC seeds=['2SC', 'CFL', 'unpaired']  unpaired[own,ok,unpaired,867.3831]  2SC[own,ok,2SC,749.5528]  CFL[own,ok,CFL,754.1228]
landed 0.6688 win=2SC seeds=['2SC', 'CFL', 'unpaired']  unpaired[own,ok,unpaired,875.9745]  2SC[own,ok,2SC,757.2869]  CFL[own,ok,CFL,761.6099]
