
n_B 0.8: scaled rows at seed [-1.12e-02 -1.30e-02  1.03e-01  1.53e-01  1.52e-01 -9.31e-02 -6.39e-05  3.24e-01 -5.19e-02  6.98e-01  8.78e-03]
  singular values / max: [1.00e+00 3.88e-01 3.12e-01 2.04e-01 1.81e-01 1.51e-01 4.02e-02 3.19e-02 3.03e-02 2.01e-02 1.13e-17]
  weakest right vector: mu_3=-0.67 mu_8=-0.33 mu_C=+0.67
  analytic |step|       120  clip 1  clipped dDelta1-dDelta2   -11.31  dmu_3   +44.54  dmu_C    +6.91  dmu_B   -42.52
  jit1     |step|  1.33e+09  clip 3.3e-07  clipped dDelta1-dDelta2    +0.00  dmu_3  +439.31  dmu_C  -439.31  dmu_B    +0.00
  jit2     |step|   5.9e+07  clip 7.45e-06  clipped dDelta1-dDelta2    -0.00  dmu_3  -439.31  dmu_C  +439.31  dmu_B    -0.00
  jit3     |step|  5.94e+07  clip 7.4e-06  clipped dDelta1-dDelta2    -0.00  dmu_3  -439.31  dmu_C  +439.31  dmu_B    -0.00
  jit4     |step|  1.48e+08  clip 2.97e-06  clipped dDelta1-dDelta2    -0.00  dmu_3  -439.31  dmu_C  +439.31  dmu_B    -0.00
  jit5     |step|  4.31e+07  clip 1.02e-05  clipped dDelta1-dDelta2    +0.00  dmu_3  -439.31  dmu_C  +439.31  dmu_B    -0.00

n_B 0.9: scaled rows at seed [-1.09e-02 -1.23e-02  9.89e-02  1.35e-01  1.34e-01 -5.42e-02 -4.35e-05  2.61e-01 -5.41e-02  6.77e-01 -2.17e-02]
  singular values / max: [1.00e+00 3.67e-01 3.04e-01 1.96e-01 1.75e-01 1.47e-01 4.32e-02 3.56e-02 3.25e-02 1.94e-02 9.52e-17]
  weakest right vector: mu_3=-0.67 mu_8=-0.33 mu_C=+0.67
  analytic |step|       121  clip 1  clipped dDelta1-dDelta2   -12.13  dmu_3   +44.90  dmu_C   +11.04  dmu_B   -72.97
  jit1     |step|  4.85e+09  clip 9.48e-08  clipped dDelta1-dDelta2    +0.00  dmu_3  +459.19  dmu_C  -459.19  dmu_B    +0.00
  jit2     |step|  5.55e+07  clip 8.27e-06  clipped dDelta1-dDelta2    -0.00  dmu_3  -459.19  dmu_C  +459.19  dmu_B    -0.00
  jit3     |step|  5.45e+07  clip 8.43e-06  clipped dDelta1-dDelta2    -0.00  dmu_3  -459.19  dmu_C  +459.19  dmu_B    -0.00
  jit4     |step|  1.31e+08  clip 3.52e-06  clipped dDelta1-dDelta2    -0.00  dmu_3  -459.19  dmu_C  +459.19  dmu_B    -0.00
  jit5     |step|  4.03e+07  clip 1.14e-05  clipped dDelta1-dDelta2    +0.00  dmu_3  -459.19  dmu_C  +459.19  dmu_B    -0.00

n_B 1.0: scaled rows at seed [-1.02e-02 -1.14e-02  9.09e-02  1.18e-01  1.18e-01 -2.33e-02 -3.03e-05  2.04e-01 -5.54e-02  6.48e-01 -4.94e-02]
  singular values / max: [1.00e+00 3.52e-01 2.98e-01 1.90e-01 1.70e-01 1.44e-01 4.62e-02 3.93e-02 3.50e-02 1.92e-02 8.00e-17]
  weakest right vector: mu_3=-0.67 mu_8=-0.33 mu_C=+0.67
  analytic |step|       114  clip 1  clipped dDelta1-dDelta2   -12.68  dmu_3   +44.69  dmu_C   +14.03  dmu_B   -99.78
  jit1     |step|  3.23e+09  clip 1.48e-07  clipped dDelta1-dDelta2    -0.00  dmu_3  -476.92  dmu_C  +476.92  dmu_B    -0.00
  jit2     |step|  5.23e+07  clip 9.11e-06  clipped dDelta1-dDelta2    -0.00  dmu_3  -476.92  dmu_C  +476.92  dmu_B    -0.00
  jit3     |step|  5.03e+07  clip 9.47e-06  clipped dDelta1-dDelta2    -0.00  dmu_3  -476.92  dmu_C  +476.92  dmu_B    -0.00
  jit4     |step|  1.17e+08  clip 4.06e-06  clipped dDelta1-dDelta2    -0.00  dmu_3  -476.92  dmu_C  +476.92  dmu_B    -0.00
  jit5     |step|  3.79e+07  clip 1.26e-05  clipped dDelta1-dDelta2    +0.00  dmu_3  -476.92  dmu_C  +476.92  dmu_B    -0.00
