n_B 0.775 nodes 12 t     +0:  fast 1/5 [. G . . .]
n_B 0.775 nodes 12 t    +50:  fast 1/5 [. . . . G]
n_B 0.775 nodes 12 t   +100:  fast 5/5 [G G G G G]
n_B 0.775 nodes 12 t   +150:  fast 2/5 [. . G . G]
n_B 0.775 nodes 12 t   +200:  fast 4/5 [c2SC G G G G]
n_B 0.775 nodes 12 t   +300:  fast 5/5 [G G G G G]
n_B 0.775 nodes 12 t   -100:  fast 3/5 [. G . G G]
n_B 0.800 nodes 12 t     +0:  fast 1/5 [. . . . G]
n_B 0.800 nodes 12 t    +50:  fast 2/5 [. G . . G]
n_B 0.800 nodes 12 t   +100:  fast 5/5 [G G G G G]
n_B 0.800 nodes 12 t   +150:  fast 3/5 [G G . . G]
n_B 0.800 nodes 12 t   +200:  fast 5/5 [G G G G G]
n_B 0.800 nodes 12 t   +300:  fast 1/5 [c2SC c2SC c2SC c2SC G]
n_B 0.800 nodes 12 t   -100:  fast 0/5 [. . . . .]
n_B 0.900 nodes 12 t     +0:  fast 1/5 [. G . . .]
n_B 0.900 nodes 12 t    +50:  fast 2/5 [. G G . .]
n_B 0.900 nodes 12 t   +100:  fast 5/5 [G G G G G]
n_B 0.900 nodes 12 t   +150:  fast 5/5 [G G G G G]
n_B 0.900 nodes 12 t   +200:  fast 5/5 [G G G G G]
n_B 0.900 nodes 12 t   +300:  fast 5/5 [G G G G G]
n_B 0.900 nodes 12 t   -100:  fast 1/5 [. . . . G]
n_B 0.925 nodes 12 t     +0:  fast 5/5 [G G G G G]
n_B 0.925 nodes 12 t    +50:  fast 2/5 [. G . . G]
n_B 0.925 nodes 12 t   +100:  fast 3/5 [G G . . G]
n_B 0.925 nodes 12 t   +150:  fast 5/5 [G G G G G]
n_B 0.925 nodes 12 t   +200:  fast 5/5 [G G G G G]
n_B 0.925 nodes 12 t   +300:  fast 3/5 [cuSC G G . G]
n_B 0.925 nodes 12 t   -100:  fast 1/5 [. G . . .]
n_B 0.950 nodes 12 t     +0:  fast 3/5 [G . G G .]
n_B 0.950 nodes 12 t    +50:  fast 1/5 [. . . . G]
n_B 0.950 nodes 12 t   +100:  fast 4/5 [G G G G .]
n_B 0.950 nodes 12 t   +150:  fast 5/5 [G G G G G]
n_B 0.950 nodes 12 t   +200:  fast 5/5 [G G G G G]
n_B 0.950 nodes 12 t   +300:  fast 1/5 [G cuSC . . cuSC]
