n_B 0.775 nodes 24 V0 current                  : 1/5  [. G . . .]
n_B 0.775 nodes 24 V1 unpaired mu_C            : 2/5  [. . . G G]
n_B 0.775 nodes 24 V4 M_u=M_d                  : 0/5  [. . . . .]
n_B 0.775 nodes 24 V2+ off-plane, root side    : 1/5  [. . G . .]
n_B 0.775 nodes 24 V2- off-plane, mirror side  : 1/5  [. . G . .]
n_B 0.800 nodes 24 V0 current                  : 1/5  [. . G . .]
n_B 0.800 nodes 24 V1 unpaired mu_C            : 4/5  [. G G G G]
n_B 0.800 nodes 24 V4 M_u=M_d                  : 4/5  [G G G . G]
n_B 0.800 nodes 24 V2+ off-plane, root side    : 3/5  [G G . . G]
n_B 0.800 nodes 24 V2- off-plane, mirror side  : 2/5  [. G . . G]
n_B 0.900 nodes 24 V0 current                  : 2/5  [. G . G .]
n_B 0.900 nodes 24 V1 unpaired mu_C            : 2/5  [. G . . G]
n_B 0.900 nodes 24 V4 M_u=M_d                  : 0/5  [. . . . .]
n_B 0.900 nodes 24 V2+ off-plane, root side    : 1/5  [. . G . .]
n_B 0.900 nodes 24 V2- off-plane, mirror side  : 5/5  [G G G G G]
n_B 1.000 nodes 24 V0 current                  : 0/5  [. . . . .]
n_B 1.000 nodes 24 V1 unpaired mu_C            : 0/5  [. . . . .]
n_B 1.000 nodes 24 V4 M_u=M_d                  : 1/5  [. G . . .]
n_B 1.000 nodes 24 V2+ off-plane, root side    : 4/5  [. G G G G]
n_B 1.000 nodes 24 V2- off-plane, mirror side  : 0/5  [. . . . .]
n_B 1.075 nodes 24 V0 current                  : 1/5  [. . . G .]
n_B 1.075 nodes 24 V1 unpaired mu_C            : 3/5  [. . G G G]
n_B 1.075 nodes 24 V4 M_u=M_d                  : 3/5  [G . G G .]
n_B 1.075 nodes 24 V2+ off-plane, root side    : 4/5  [. G G G G]
n_B 1.075 nodes 24 V2- off-plane, mirror side  : 1/5  [. . . G .]
